2025-06-09 09:39:09,661 - INFO - firestore_handler - Successfully initialized Firestore client.
2025-06-09 09:39:09,662 - INFO - main - Starting daily collection for top 4 games.
2025-06-09 09:39:09,865 - INFO - main - Processing game (1/4): [\U0001f33b] Grow a Garden \U0001f41d
2025-06-09 09:39:10,756 - INFO - firestore_handler - Upserted game: [\U0001f33b] Grow a Garden \U0001f41d (ID: 126884695634066)
2025-06-09 09:39:15,145 - INFO - rolimons - Daily view button found. Clicking...
2025-06-09 09:39:17,339 - INFO - rolimons - Successfully extracted 6 charts for Place ID: 126884695634066
2025-06-09 09:39:19,822 - INFO - firestore_handler - Committed 60 daily stat records for game 126884695634066.
2025-06-09 09:39:20,322 - INFO - main - Processing game (2/4): Brookhaven \U0001f3e1RP
2025-06-09 09:39:20,852 - INFO - firestore_handler - Upserted game: Brookhaven \U0001f3e1RP (ID: 4924922222)
2025-06-09 09:39:24,799 - INFO - rolimons - Daily view button found. Clicking...
2025-06-09 09:39:28,701 - INFO - rolimons - Successfully extracted 6 charts for Place ID: 4924922222
2025-06-09 09:39:33,818 - INFO - firestore_handler - Committed 1805 daily stat records for game 4924922222.
2025-06-09 09:39:34,321 - INFO - main - Processing game (3/4): Dead Rails [Alpha]
2025-06-09 09:39:34,676 - INFO - firestore_handler - Upserted game: Dead Rails [Alpha] (ID: 116495829188952)
2025-06-09 09:39:38,747 - INFO - rolimons - Daily view button found. Clicking...
2025-06-09 09:39:40,974 - INFO - rolimons - Successfully extracted 6 charts for Place ID: 116495829188952
2025-06-09 09:39:43,538 - INFO - firestore_handler - Committed 112 daily stat records for game 116495829188952.
2025-06-09 09:39:44,039 - INFO - main - Processing game (4/4): Blox Fruits
2025-06-09 09:39:44,394 - INFO - firestore_handler - Upserted game: Blox Fruits (ID: 2753915549)
2025-06-09 09:39:48,623 - INFO - rolimons - Daily view button found. Clicking...
2025-06-09 09:39:52,597 - INFO - rolimons - Successfully extracted 6 charts for Place ID: 2753915549
2025-06-09 09:39:57,857 - INFO - firestore_handler - Committed 1896 daily stat records for game 2753915549.
2025-06-09 09:39:58,358 - INFO - main - Acquired data successfully.
2025-06-09 09:39:58,366 - ERROR - gcp - Failed to self-shutdown VM: HTTPConnectionPool(host='metadata.google.internal', port=80): Max retries exceeded with url: /computeMetadata/v1/instance/name (Caused by NameResolutionError("<urllib3.connection.HTTPConnection object at 0x0000013499955E50>: Failed to resolve 'metadata.google.internal' ([Errno 11001] getaddrinfo failed)"))
2025-06-09 10:02:39,689 - INFO - firestore_handler - Successfully initialized Firestore client.
2025-06-09 10:02:39,689 - INFO - main - Starting daily collection for top 4 games.
2025-06-09 10:02:40,353 - INFO - main - Processing game (1/4): [\U0001f33b] Grow a Garden \U0001f41d
2025-06-09 10:02:41,145 - INFO - firestore_handler - Upserted game: [\U0001f33b] Grow a Garden \U0001f41d (ID: 126884695634066)
2025-06-09 10:02:42,204 - ERROR - gcp - Failed to self-shutdown VM: HTTPConnectionPool(host='metadata.google.internal', port=80): Max retries exceeded with url: /computeMetadata/v1/instance/name (Caused by NameResolutionError("<urllib3.connection.HTTPConnection object at 0x000002090C926010>: Failed to resolve 'metadata.google.internal' ([Errno 11001] getaddrinfo failed)"))
2025-06-09 10:02:50,124 - INFO - firestore_handler - Successfully initialized Firestore client.
2025-06-09 10:02:50,125 - INFO - main - Starting daily collection for top 3 games.
2025-06-09 10:02:50,385 - INFO - main - Processing game (1/3): [\U0001f33b] Grow a Garden \U0001f41d
2025-06-09 10:02:51,136 - INFO - firestore_handler - Upserted game: [\U0001f33b] Grow a Garden \U0001f41d (ID: 126884695634066)
2025-06-09 10:02:54,972 - INFO - rolimons - Daily view button found. Clicking...
2025-06-09 10:02:57,158 - INFO - rolimons - Successfully extracted 6 charts for Place ID: 126884695634066
2025-06-09 10:02:59,542 - INFO - firestore_handler - Committed 60 daily stat records for game 126884695634066.
2025-06-09 10:03:00,043 - INFO - main - Processing game (2/3): Brookhaven \U0001f3e1RP
2025-06-09 10:03:00,434 - INFO - firestore_handler - Upserted game: Brookhaven \U0001f3e1RP (ID: 4924922222)
2025-06-09 10:03:04,753 - INFO - rolimons - Daily view button found. Clicking...
2025-06-09 10:03:08,699 - INFO - rolimons - Successfully extracted 6 charts for Place ID: 4924922222
2025-06-09 10:03:13,570 - INFO - firestore_handler - Committed 1805 daily stat records for game 4924922222.
2025-06-09 10:03:14,071 - INFO - main - Processing game (3/3): Dead Rails [Alpha]
2025-06-09 10:03:14,430 - INFO - firestore_handler - Upserted game: Dead Rails [Alpha] (ID: 116495829188952)
2025-06-09 10:03:31,827 - INFO - rolimons - Daily view button found. Clicking...
2025-06-09 10:03:34,072 - INFO - rolimons - Successfully extracted 6 charts for Place ID: 116495829188952
2025-06-09 10:03:36,402 - INFO - firestore_handler - Committed 112 daily stat records for game 116495829188952.
2025-06-09 10:03:36,903 - INFO - main - Acquired data successfully.
2025-06-09 10:03:36,913 - ERROR - gcp - Failed to self-shutdown VM: HTTPConnectionPool(host='metadata.google.internal', port=80): Max retries exceeded with url: /computeMetadata/v1/instance/name (Caused by NameResolutionError("<urllib3.connection.HTTPConnection object at 0x00000273D1633190>: Failed to resolve 'metadata.google.internal' ([Errno 11001] getaddrinfo failed)"))
2025-06-11 14:24:43,576 - INFO - firestore_handler - Successfully initialized Firestore client.
2025-06-11 14:24:43,577 - INFO - main - Starting daily collection for top 3 games.
2025-06-11 14:24:44,079 - INFO - main - Processing game (1/3): [\U0001f33b] Grow a Garden \U0001f41d
2025-06-11 14:24:44,690 - INFO - firestore_handler - Upserted game: [\U0001f33b] Grow a Garden \U0001f41d (ID: 126884695634066)
2025-06-11 14:24:44,691 - INFO - logger - ====== WebDriver manager ======
2025-06-11 14:24:46,510 - INFO - logger - Get LATEST chromedriver version for google-chrome
2025-06-11 14:24:46,556 - INFO - logger - Get LATEST chromedriver version for google-chrome
2025-06-11 14:24:46,582 - INFO - logger - There is no [win64] chromedriver "137.0.7151.70" for browser google-chrome "137.0.7151" in cache
2025-06-11 14:24:46,582 - INFO - logger - Get LATEST chromedriver version for google-chrome
2025-06-11 14:24:46,660 - INFO - logger - WebDriver version 137.0.7151.70 selected
2025-06-11 14:24:46,663 - INFO - logger - Modern chrome version https://storage.googleapis.com/chrome-for-testing-public/137.0.7151.70/win32/chromedriver-win32.zip
2025-06-11 14:24:46,663 - INFO - logger - About to download new driver from https://storage.googleapis.com/chrome-for-testing-public/137.0.7151.70/win32/chromedriver-win32.zip
2025-06-11 14:24:46,713 - INFO - logger - Driver downloading response is 200
2025-06-11 14:24:46,881 - INFO - logger - Get LATEST chromedriver version for google-chrome
2025-06-11 14:24:48,239 - INFO - logger - Driver has been saved in cache [C:\Users\thoma\.wdm\drivers\chromedriver\win64\137.0.7151.70]
2025-06-11 14:24:52,609 - INFO - rolimons - Daily view button found. Clicking...
2025-06-11 14:24:54,830 - INFO - rolimons - Successfully extracted 6 charts for Place ID: 126884695634066
2025-06-11 14:24:57,079 - INFO - firestore_handler - Committed 62 daily stat records for game 126884695634066.
2025-06-11 14:24:57,580 - INFO - main - Processing game (2/3): Brookhaven \U0001f3e1RP
2025-06-11 14:24:57,956 - INFO - firestore_handler - Upserted game: Brookhaven \U0001f3e1RP (ID: 4924922222)
2025-06-11 14:24:57,956 - INFO - logger - ====== WebDriver manager ======
2025-06-11 14:24:59,598 - INFO - logger - Get LATEST chromedriver version for google-chrome
2025-06-11 14:24:59,642 - INFO - logger - Get LATEST chromedriver version for google-chrome
2025-06-11 14:24:59,687 - INFO - logger - Driver [C:\Users\thoma\.wdm\drivers\chromedriver\win64\137.0.7151.70\chromedriver-win32/chromedriver.exe] found in cache
2025-06-11 14:25:03,751 - INFO - rolimons - Daily view button found. Clicking...
2025-06-11 14:25:06,040 - INFO - rolimons - Successfully extracted 6 charts for Place ID: 4924922222
2025-06-11 14:25:08,938 - INFO - firestore_handler - Committed 1807 daily stat records for game 4924922222.
2025-06-11 14:25:09,439 - INFO - main - Processing game (3/3): Dead Rails [Alpha]
2025-06-11 14:25:09,805 - INFO - firestore_handler - Upserted game: Dead Rails [Alpha] (ID: 116495829188952)
2025-06-11 14:25:09,805 - INFO - logger - ====== WebDriver manager ======
2025-06-11 14:25:11,413 - INFO - logger - Get LATEST chromedriver version for google-chrome
2025-06-11 14:25:11,446 - INFO - logger - Get LATEST chromedriver version for google-chrome
2025-06-11 14:25:11,480 - INFO - logger - Driver [C:\Users\thoma\.wdm\drivers\chromedriver\win64\137.0.7151.70\chromedriver-win32/chromedriver.exe] found in cache
2025-06-11 14:25:15,608 - INFO - rolimons - Daily view button found. Clicking...
2025-06-11 14:25:17,839 - INFO - rolimons - Successfully extracted 6 charts for Place ID: 116495829188952
2025-06-11 14:25:20,048 - INFO - firestore_handler - Committed 114 daily stat records for game 116495829188952.
2025-06-11 14:25:20,549 - INFO - main - Acquired data successfully.
2025-06-11 14:25:20,556 - ERROR - gcp - Failed to self-shutdown VM: HTTPConnectionPool(host='metadata.google.internal', port=80): Max retries exceeded with url: /computeMetadata/v1/instance/name (Caused by NameResolutionError("<urllib3.connection.HTTPConnection object at 0x000001D6EF1DCD10>: Failed to resolve 'metadata.google.internal' ([Errno 11001] getaddrinfo failed)"))
2025-06-11 14:52:27,839 - INFO - firestore_handler - Successfully initialized Firestore client.
2025-06-11 14:52:27,839 - INFO - main - Starting daily collection for top 3 games.
2025-06-11 14:52:28,217 - INFO - main - Processing game (1/3): [\U0001f33b] Grow a Garden \U0001f41d
2025-06-11 14:52:28,869 - INFO - firestore_handler - Upserted game: [\U0001f33b] Grow a Garden \U0001f41d (ID: 126884695634066)
2025-06-11 14:52:28,869 - INFO - logger - ====== WebDriver manager ======
2025-06-11 14:52:30,485 - INFO - logger - Get LATEST chromedriver version for google-chrome
2025-06-11 14:52:30,515 - INFO - logger - Get LATEST chromedriver version for google-chrome
2025-06-11 14:52:30,547 - INFO - logger - Driver [C:\Users\thoma\.wdm\drivers\chromedriver\win64\137.0.7151.70\chromedriver-win32/chromedriver.exe] found in cache
2025-06-11 14:52:34,388 - INFO - rolimons - Daily view button found. Clicking...
2025-06-11 14:52:36,610 - INFO - rolimons - Successfully extracted 6 charts for Place ID: 126884695634066
2025-06-11 14:52:38,689 - CRITICAL - main - A critical error occurred in the main process: module 'google.cloud.firestore' has no attribute 'document'
Traceback (most recent call last):
  File "C:\Users\thoma\WebScrapingRolimons\GithubRepo\robloxanalytics\main.py", line 41, in main
    db_handler.upsert_daily_stats_incrementally(str(enriched_game['place_id']), daily_stats)
  File "C:\Users\thoma\WebScrapingRolimons\GithubRepo\robloxanalytics\databases\firestore_handler.py", line 75, in upsert_daily_stats_incrementally
    latest_date_in_db = self.get_latest_stat_date(place_id_str)
                        ^^^^^^^^^^^^^^^^^^^^^^^^^^^^^^^^^^^^^^^
  File "C:\Users\thoma\WebScrapingRolimons\GithubRepo\robloxanalytics\databases\firestore_handler.py", line 30, in get_latest_stat_date
    firestore.document.DocumentSnapshot.id_field,
    ^^^^^^^^^^^^^^^^^^
AttributeError: module 'google.cloud.firestore' has no attribute 'document'
2025-06-11 14:52:38,696 - ERROR - gcp - Failed to self-shutdown VM: HTTPConnectionPool(host='metadata.google.internal', port=80): Max retries exceeded with url: /computeMetadata/v1/instance/name (Caused by NameResolutionError("<urllib3.connection.HTTPConnection object at 0x00000207BF1B2FD0>: Failed to resolve 'metadata.google.internal' ([Errno 11001] getaddrinfo failed)"))
2025-06-11 14:55:34,988 - INFO - firestore_handler - Successfully initialized Firestore client.
2025-06-11 14:55:34,988 - INFO - main - Starting daily collection for top 3 games.
2025-06-11 14:55:35,102 - INFO - main - Processing game (1/3): [\U0001f33b] Grow a Garden \U0001f41d
2025-06-11 14:55:35,778 - INFO - firestore_handler - Upserted game: [\U0001f33b] Grow a Garden \U0001f41d (ID: 126884695634066)
2025-06-11 14:55:35,779 - INFO - logger - ====== WebDriver manager ======
2025-06-11 14:55:37,445 - INFO - logger - Get LATEST chromedriver version for google-chrome
2025-06-11 14:55:37,480 - INFO - logger - Get LATEST chromedriver version for google-chrome
2025-06-11 14:55:37,508 - INFO - logger - Driver [C:\Users\thoma\.wdm\drivers\chromedriver\win64\137.0.7151.70\chromedriver-win32/chromedriver.exe] found in cache
2025-06-11 14:55:41,440 - INFO - rolimons - Daily view button found. Clicking...
2025-06-11 14:55:43,637 - INFO - rolimons - Successfully extracted 6 charts for Place ID: 126884695634066
2025-06-11 14:55:45,788 - ERROR - firestore_handler - Error getting latest stat date for 126884695634066: 400 The query requires an index. You can create it here: https://console.firebase.google.com/v1/r/project/baobabgamesanalytics/firestore/databases/baobab-games-analytics-db/indexes?create_composite=Cmhwcm9qZWN0cy9iYW9iYWJnYW1lc2FuYWx5dGljcy9kYXRhYmFzZXMvYmFvYmFiLWdhbWVzLWFuYWx5dGljcy1kYi9jb2xsZWN0aW9uR3JvdXBzL2RhaWx5X3N0YXRzL2luZGV4ZXMvXxABGgwKCF9fbmFtZV9fEAI
2025-06-11 14:55:45,956 - INFO - firestore_handler - Committed 62 daily stat records for game 126884695634066.
2025-06-11 14:55:46,457 - INFO - main - Processing game (2/3): Brookhaven \U0001f3e1RP
2025-06-11 14:55:46,834 - INFO - firestore_handler - Upserted game: Brookhaven \U0001f3e1RP (ID: 4924922222)
2025-06-11 14:55:46,834 - INFO - logger - ====== WebDriver manager ======
2025-06-11 14:55:48,469 - INFO - logger - Get LATEST chromedriver version for google-chrome
2025-06-11 14:55:48,503 - INFO - logger - Get LATEST chromedriver version for google-chrome
2025-06-11 14:55:48,538 - INFO - logger - Driver [C:\Users\thoma\.wdm\drivers\chromedriver\win64\137.0.7151.70\chromedriver-win32/chromedriver.exe] found in cache
2025-06-11 14:55:52,534 - INFO - rolimons - Daily view button found. Clicking...
2025-06-11 14:55:56,439 - INFO - rolimons - Successfully extracted 6 charts for Place ID: 4924922222
2025-06-11 14:55:58,607 - ERROR - firestore_handler - Error getting latest stat date for 4924922222: 400 The query requires an index. You can create it here: https://console.firebase.google.com/v1/r/project/baobabgamesanalytics/firestore/databases/baobab-games-analytics-db/indexes?create_composite=Cmhwcm9qZWN0cy9iYW9iYWJnYW1lc2FuYWx5dGljcy9kYXRhYmFzZXMvYmFvYmFiLWdhbWVzLWFuYWx5dGljcy1kYi9jb2xsZWN0aW9uR3JvdXBzL2RhaWx5X3N0YXRzL2luZGV4ZXMvXxABGgwKCF9fbmFtZV9fEAI
2025-06-11 14:55:59,450 - INFO - firestore_handler - Committed 1807 daily stat records for game 4924922222.
2025-06-11 14:55:59,950 - INFO - main - Processing game (3/3): Dead Rails [Alpha]
2025-06-11 14:56:00,301 - INFO - firestore_handler - Upserted game: Dead Rails [Alpha] (ID: 116495829188952)
2025-06-11 14:56:00,301 - INFO - logger - ====== WebDriver manager ======
2025-06-11 14:56:01,921 - INFO - logger - Get LATEST chromedriver version for google-chrome
2025-06-11 14:56:01,956 - INFO - logger - Get LATEST chromedriver version for google-chrome
2025-06-11 14:56:01,988 - INFO - logger - Driver [C:\Users\thoma\.wdm\drivers\chromedriver\win64\137.0.7151.70\chromedriver-win32/chromedriver.exe] found in cache
2025-06-11 14:56:06,001 - INFO - rolimons - Daily view button found. Clicking...
2025-06-11 14:56:08,250 - INFO - rolimons - Successfully extracted 6 charts for Place ID: 116495829188952
2025-06-11 14:56:10,389 - ERROR - firestore_handler - Error getting latest stat date for 116495829188952: 400 The query requires an index. You can create it here: https://console.firebase.google.com/v1/r/project/baobabgamesanalytics/firestore/databases/baobab-games-analytics-db/indexes?create_composite=Cmhwcm9qZWN0cy9iYW9iYWJnYW1lc2FuYWx5dGljcy9kYXRhYmFzZXMvYmFvYmFiLWdhbWVzLWFuYWx5dGljcy1kYi9jb2xsZWN0aW9uR3JvdXBzL2RhaWx5X3N0YXRzL2luZGV4ZXMvXxABGgwKCF9fbmFtZV9fEAI
2025-06-11 14:56:10,518 - INFO - firestore_handler - Committed 114 daily stat records for game 116495829188952.
2025-06-11 14:56:11,018 - INFO - main - Acquired data successfully.
2025-06-11 14:56:11,027 - ERROR - gcp - Failed to self-shutdown VM: HTTPConnectionPool(host='metadata.google.internal', port=80): Max retries exceeded with url: /computeMetadata/v1/instance/name (Caused by NameResolutionError("<urllib3.connection.HTTPConnection object at 0x0000013C1B28FD10>: Failed to resolve 'metadata.google.internal' ([Errno 11001] getaddrinfo failed)"))
2025-06-16 16:21:58,615 - INFO - firestore_handler - Successfully initialized Firestore client.
2025-06-16 16:21:58,615 - INFO - main - Starting daily collection for top 3 games.
2025-06-16 16:21:58,832 - INFO - main - Processing game (1/3): [\U0001f6e0\ufe0f] Grow a Garden \U0001f34f
2025-06-16 16:21:59,871 - INFO - firestore_handler - Upserted game: [\U0001f6e0\ufe0f] Grow a Garden \U0001f34f (ID: 126884695634066)
2025-06-16 16:21:59,872 - INFO - logger - ====== WebDriver manager ======
2025-06-16 16:22:00,515 - INFO - logger - Get LATEST chromedriver version for google-chrome
2025-06-16 16:22:00,576 - INFO - logger - Get LATEST chromedriver version for google-chrome
2025-06-16 16:22:00,607 - INFO - logger - Get LATEST chromedriver version for google-chrome
2025-06-16 16:22:00,691 - INFO - logger - WebDriver version 137.0.7151.70 selected
2025-06-16 16:22:00,695 - INFO - logger - Modern chrome version https://storage.googleapis.com/chrome-for-testing-public/137.0.7151.70/win32/chromedriver-win32.zip
2025-06-16 16:22:00,695 - INFO - logger - About to download new driver from https://storage.googleapis.com/chrome-for-testing-public/137.0.7151.70/win32/chromedriver-win32.zip
2025-06-16 16:22:00,749 - INFO - logger - Driver downloading response is 200
2025-06-16 16:22:00,954 - INFO - logger - Get LATEST chromedriver version for google-chrome
2025-06-16 16:22:01,224 - INFO - logger - Driver has been saved in cache [C:\Users\thoma\.wdm\drivers\chromedriver\win64\137.0.7151.70]
2025-06-16 16:22:06,377 - INFO - rolimons - Daily view button found. Clicking...
2025-06-16 16:22:08,474 - INFO - rolimons - Successfully extracted 6 charts for Place ID: 126884695634066
2025-06-16 16:22:10,650 - ERROR - firestore_handler - Error getting latest stat date for 126884695634066: 400 The query requires an index. You can create it here: https://console.firebase.google.com/v1/r/project/baobabgamesanalytics/firestore/databases/baobab-games-analytics-db/indexes?create_composite=Cmhwcm9qZWN0cy9iYW9iYWJnYW1lc2FuYWx5dGljcy9kYXRhYmFzZXMvYmFvYmFiLWdhbWVzLWFuYWx5dGljcy1kYi9jb2xsZWN0aW9uR3JvdXBzL2RhaWx5X3N0YXRzL2luZGV4ZXMvXxABGgwKCF9fbmFtZV9fEAI
2025-06-16 16:22:10,821 - INFO - firestore_handler - Committed 67 daily stat records for game 126884695634066.
2025-06-16 16:22:11,322 - INFO - main - Processing game (2/3): Brookhaven \U0001f3e1RP
2025-06-16 16:22:11,738 - INFO - firestore_handler - Upserted game: Brookhaven \U0001f3e1RP (ID: 4924922222)
2025-06-16 16:22:11,738 - INFO - logger - ====== WebDriver manager ======
2025-06-16 16:22:12,345 - INFO - logger - Get LATEST chromedriver version for google-chrome
2025-06-16 16:22:12,385 - INFO - logger - Get LATEST chromedriver version for google-chrome
2025-06-16 16:22:12,416 - INFO - logger - Driver [C:\Users\thoma\.wdm\drivers\chromedriver\win64\137.0.7151.70\chromedriver-win32/chromedriver.exe] found in cache
2025-06-16 16:22:16,518 - INFO - rolimons - Daily view button found. Clicking...
2025-06-16 16:22:20,464 - INFO - rolimons - Successfully extracted 6 charts for Place ID: 4924922222
2025-06-16 16:22:22,624 - ERROR - firestore_handler - Error getting latest stat date for 4924922222: 400 The query requires an index. You can create it here: https://console.firebase.google.com/v1/r/project/baobabgamesanalytics/firestore/databases/baobab-games-analytics-db/indexes?create_composite=Cmhwcm9qZWN0cy9iYW9iYWJnYW1lc2FuYWx5dGljcy9kYXRhYmFzZXMvYmFvYmFiLWdhbWVzLWFuYWx5dGljcy1kYi9jb2xsZWN0aW9uR3JvdXBzL2RhaWx5X3N0YXRzL2luZGV4ZXMvXxABGgwKCF9fbmFtZV9fEAI
2025-06-16 16:22:23,437 - INFO - firestore_handler - Committed 1812 daily stat records for game 4924922222.
2025-06-16 16:22:23,938 - INFO - main - Processing game (3/3): Steal a Brainrot
2025-06-16 16:22:24,333 - INFO - firestore_handler - Upserted game: Steal a Brainrot (ID: 109983668079237)
2025-06-16 16:22:24,333 - INFO - logger - ====== WebDriver manager ======
2025-06-16 16:22:24,955 - INFO - logger - Get LATEST chromedriver version for google-chrome
2025-06-16 16:22:24,981 - INFO - logger - Get LATEST chromedriver version for google-chrome
2025-06-16 16:22:25,012 - INFO - logger - Driver [C:\Users\thoma\.wdm\drivers\chromedriver\win64\137.0.7151.70\chromedriver-win32/chromedriver.exe] found in cache
2025-06-16 16:22:28,872 - INFO - rolimons - Daily view button found. Clicking...
2025-06-16 16:22:31,113 - INFO - rolimons - Successfully extracted 6 charts for Place ID: 109983668079237
2025-06-16 16:22:33,257 - ERROR - firestore_handler - Error getting latest stat date for 109983668079237: 400 The query requires an index. You can create it here: https://console.firebase.google.com/v1/r/project/baobabgamesanalytics/firestore/databases/baobab-games-analytics-db/indexes?create_composite=Cmhwcm9qZWN0cy9iYW9iYWJnYW1lc2FuYWx5dGljcy9kYXRhYmFzZXMvYmFvYmFiLWdhbWVzLWFuYWx5dGljcy1kYi9jb2xsZWN0aW9uR3JvdXBzL2RhaWx5X3N0YXRzL2luZGV4ZXMvXxABGgwKCF9fbmFtZV9fEAI
2025-06-16 16:22:33,371 - INFO - firestore_handler - Committed 24 daily stat records for game 109983668079237.
2025-06-16 16:22:33,871 - INFO - main - Acquired data successfully.
2025-06-16 16:22:33,878 - ERROR - gcp - Failed to self-shutdown VM: HTTPConnectionPool(host='metadata.google.internal', port=80): Max retries exceeded with url: /computeMetadata/v1/instance/name (Caused by NameResolutionError("<urllib3.connection.HTTPConnection object at 0x000002064FFE9250>: Failed to resolve 'metadata.google.internal' ([Errno 11001] getaddrinfo failed)"))
2025-06-16 16:28:46,141 - INFO - firestore_handler - Successfully initialized Firestore client.
2025-06-16 16:28:46,142 - INFO - main - Starting daily collection for top 3 games.
2025-06-16 16:28:46,293 - INFO - main - Processing game (1/3): [\U0001f6e0\ufe0f] Grow a Garden \U0001f34f
2025-06-16 16:28:46,591 - INFO - main - Game 126884695634066 was already scraped today. Skipping.
2025-06-16 16:28:46,591 - INFO - main - Processing game (2/3): Brookhaven \U0001f3e1RP
2025-06-16 16:28:46,653 - INFO - main - Game 4924922222 was already scraped today. Skipping.
2025-06-16 16:28:46,653 - INFO - main - Processing game (3/3): Steal a Brainrot
2025-06-16 16:28:46,719 - INFO - main - Game 109983668079237 was already scraped today. Skipping.
2025-06-16 16:28:46,719 - INFO - main - Acquired data successfully.
2025-06-16 16:28:46,726 - ERROR - gcp - Failed to self-shutdown VM: HTTPConnectionPool(host='metadata.google.internal', port=80): Max retries exceeded with url: /computeMetadata/v1/instance/name (Caused by NameResolutionError("<urllib3.connection.HTTPConnection object at 0x0000019B9657C610>: Failed to resolve 'metadata.google.internal' ([Errno 11001] getaddrinfo failed)"))
2025-06-16 16:33:53,805 - INFO - firestore_handler - Successfully initialized Firestore client.
2025-06-16 16:33:53,805 - INFO - main - Starting daily collection for top 3 games.
2025-06-16 16:33:54,004 - INFO - main - Processing game (1/3): [\U0001f6e0\ufe0f] Grow a Garden \U0001f34f
2025-06-16 16:33:54,685 - INFO - firestore_handler - Upserted game: [\U0001f6e0\ufe0f] Grow a Garden \U0001f34f (ID: 126884695634066)
2025-06-16 16:33:54,685 - INFO - logger - ====== WebDriver manager ======
2025-06-16 16:33:55,342 - INFO - logger - Get LATEST chromedriver version for google-chrome
2025-06-16 16:33:55,373 - INFO - logger - Get LATEST chromedriver version for google-chrome
2025-06-16 16:33:55,400 - INFO - logger - Driver [C:\Users\thoma\.wdm\drivers\chromedriver\win64\137.0.7151.70\chromedriver-win32/chromedriver.exe] found in cache
2025-06-16 16:33:59,328 - INFO - rolimons - Daily view button found. Clicking...
2025-06-16 16:34:01,567 - INFO - rolimons - Successfully extracted 6 charts for Place ID: 126884695634066
2025-06-16 16:34:03,783 - INFO - main - Existing game found. Applying 14-day lookback from 2025-06-02.
2025-06-16 16:34:03,941 - INFO - firestore_handler - Committed 15 daily stat record(s) for game 126884695634066.
2025-06-16 16:34:04,442 - INFO - main - Processing game (2/3): Brookhaven \U0001f3e1RP
2025-06-16 16:34:04,830 - INFO - firestore_handler - Upserted game: Brookhaven \U0001f3e1RP (ID: 4924922222)
2025-06-16 16:34:04,830 - INFO - logger - ====== WebDriver manager ======
2025-06-16 16:34:05,431 - INFO - logger - Get LATEST chromedriver version for google-chrome
2025-06-16 16:34:05,461 - INFO - logger - Get LATEST chromedriver version for google-chrome
2025-06-16 16:34:05,493 - INFO - logger - Driver [C:\Users\thoma\.wdm\drivers\chromedriver\win64\137.0.7151.70\chromedriver-win32/chromedriver.exe] found in cache
2025-06-16 16:34:09,573 - INFO - rolimons - Daily view button found. Clicking...
2025-06-16 16:34:13,546 - INFO - rolimons - Successfully extracted 6 charts for Place ID: 4924922222
2025-06-16 16:34:15,986 - INFO - main - Existing game found. Applying 14-day lookback from 2025-06-02.
2025-06-16 16:34:16,108 - INFO - firestore_handler - Committed 15 daily stat record(s) for game 4924922222.
2025-06-16 16:34:16,609 - INFO - main - Processing game (3/3): Steal a Brainrot
2025-06-16 16:34:16,962 - INFO - firestore_handler - Upserted game: Steal a Brainrot (ID: 109983668079237)
2025-06-16 16:34:16,962 - INFO - logger - ====== WebDriver manager ======
2025-06-16 16:34:17,553 - INFO - logger - Get LATEST chromedriver version for google-chrome
2025-06-16 16:34:17,587 - INFO - logger - Get LATEST chromedriver version for google-chrome
2025-06-16 16:34:17,619 - INFO - logger - Driver [C:\Users\thoma\.wdm\drivers\chromedriver\win64\137.0.7151.70\chromedriver-win32/chromedriver.exe] found in cache
2025-06-16 16:34:21,494 - INFO - rolimons - Daily view button found. Clicking...
2025-06-16 16:34:23,721 - INFO - rolimons - Successfully extracted 6 charts for Place ID: 109983668079237
2025-06-16 16:34:25,865 - INFO - main - Existing game found. Applying 14-day lookback from 2025-06-02.
2025-06-16 16:34:25,985 - INFO - firestore_handler - Committed 15 daily stat record(s) for game 109983668079237.
2025-06-16 16:34:26,487 - INFO - main - Acquired data successfully.
2025-06-16 16:34:26,494 - ERROR - gcp - Failed to self-shutdown VM: HTTPConnectionPool(host='metadata.google.internal', port=80): Max retries exceeded with url: /computeMetadata/v1/instance/name (Caused by NameResolutionError("<urllib3.connection.HTTPConnection object at 0x00000205A6B2FD10>: Failed to resolve 'metadata.google.internal' ([Errno 11001] getaddrinfo failed)"))
2025-06-16 16:40:25,484 - INFO - firestore_handler - Successfully initialized Firestore client.
2025-06-16 16:40:25,484 - INFO - main - Starting daily collection for top 3 games.
2025-06-16 16:40:25,626 - INFO - main - Processing game (1/3): [\U0001f6e0\ufe0f] Grow a Garden \U0001f34f
2025-06-16 16:40:26,222 - INFO - firestore_handler - Upserted game: [\U0001f6e0\ufe0f] Grow a Garden \U0001f34f (ID: 126884695634066)
2025-06-16 16:40:26,222 - INFO - logger - ====== WebDriver manager ======
2025-06-16 16:40:26,829 - INFO - logger - Get LATEST chromedriver version for google-chrome
2025-06-16 16:40:26,864 - INFO - logger - Get LATEST chromedriver version for google-chrome
2025-06-16 16:40:26,895 - INFO - logger - Driver [C:\Users\thoma\.wdm\drivers\chromedriver\win64\137.0.7151.70\chromedriver-win32/chromedriver.exe] found in cache
2025-06-16 16:40:30,800 - INFO - rolimons - Daily view button found. Clicking...
2025-06-16 16:40:33,022 - INFO - rolimons - Successfully extracted 6 charts for Place ID: 126884695634066
2025-06-16 16:40:35,246 - INFO - main - Existing game found. Writing data newer than 2025-06-16.
2025-06-16 16:40:35,246 - INFO - firestore_handler - No new daily stats to write for game 126884695634066.
2025-06-16 16:40:35,747 - INFO - main - Processing game (2/3): Brookhaven \U0001f3e1RP
2025-06-16 16:40:36,274 - INFO - firestore_handler - Upserted game: Brookhaven \U0001f3e1RP (ID: 4924922222)
2025-06-16 16:40:36,274 - INFO - logger - ====== WebDriver manager ======
2025-06-16 16:40:36,880 - INFO - logger - Get LATEST chromedriver version for google-chrome
2025-06-16 16:40:36,918 - INFO - logger - Get LATEST chromedriver version for google-chrome
2025-06-16 16:40:36,946 - INFO - logger - Driver [C:\Users\thoma\.wdm\drivers\chromedriver\win64\137.0.7151.70\chromedriver-win32/chromedriver.exe] found in cache
2025-06-16 16:40:40,975 - INFO - rolimons - Daily view button found. Clicking...
2025-06-16 16:40:44,928 - INFO - rolimons - Successfully extracted 6 charts for Place ID: 4924922222
2025-06-16 16:40:47,531 - INFO - main - Existing game found. Writing data newer than 2025-06-16.
2025-06-16 16:40:47,531 - INFO - firestore_handler - No new daily stats to write for game 4924922222.
2025-06-16 16:40:48,032 - INFO - main - Processing game (3/3): Steal a Brainrot
2025-06-16 16:40:48,437 - INFO - firestore_handler - Upserted game: Steal a Brainrot (ID: 109983668079237)
2025-06-16 16:40:48,437 - INFO - logger - ====== WebDriver manager ======
2025-06-16 16:40:49,041 - INFO - logger - Get LATEST chromedriver version for google-chrome
2025-06-16 16:40:49,067 - INFO - logger - Get LATEST chromedriver version for google-chrome
2025-06-16 16:40:49,097 - INFO - logger - Driver [C:\Users\thoma\.wdm\drivers\chromedriver\win64\137.0.7151.70\chromedriver-win32/chromedriver.exe] found in cache
2025-06-16 16:40:53,096 - INFO - rolimons - Daily view button found. Clicking...
2025-06-16 16:40:55,331 - INFO - rolimons - Successfully extracted 6 charts for Place ID: 109983668079237
2025-06-16 16:40:57,532 - INFO - main - Existing game found. Writing data newer than 2025-06-16.
2025-06-16 16:40:57,532 - INFO - firestore_handler - No new daily stats to write for game 109983668079237.
2025-06-16 16:40:58,033 - INFO - main - Acquired data successfully.
2025-06-16 16:40:58,039 - ERROR - gcp - Failed to self-shutdown VM: HTTPConnectionPool(host='metadata.google.internal', port=80): Max retries exceeded with url: /computeMetadata/v1/instance/name (Caused by NameResolutionError("<urllib3.connection.HTTPConnection object at 0x000002C2452A02D0>: Failed to resolve 'metadata.google.internal' ([Errno 11001] getaddrinfo failed)"))
2025-06-16 16:42:28,413 - INFO - firestore_handler - Successfully initialized Firestore client.
2025-06-16 16:42:28,413 - INFO - main - Starting daily collection for top 4 games.
2025-06-16 16:42:28,530 - INFO - main - Processing game (1/4): [\U0001f6e0\ufe0f] Grow a Garden \U0001f34f
2025-06-16 16:42:29,196 - INFO - firestore_handler - Upserted game: [\U0001f6e0\ufe0f] Grow a Garden \U0001f34f (ID: 126884695634066)
2025-06-16 16:42:29,197 - INFO - logger - ====== WebDriver manager ======
2025-06-16 16:42:29,815 - INFO - logger - Get LATEST chromedriver version for google-chrome
2025-06-16 16:42:29,846 - INFO - logger - Get LATEST chromedriver version for google-chrome
2025-06-16 16:42:29,880 - INFO - logger - Driver [C:\Users\thoma\.wdm\drivers\chromedriver\win64\137.0.7151.70\chromedriver-win32/chromedriver.exe] found in cache
2025-06-16 16:42:34,030 - INFO - rolimons - Daily view button found. Clicking...
2025-06-16 16:42:36,129 - INFO - rolimons - Successfully extracted 6 charts for Place ID: 126884695634066
2025-06-16 16:42:38,298 - INFO - main - Existing game found. Writing data newer than 2025-06-16.
2025-06-16 16:42:38,298 - INFO - firestore_handler - No new daily stats to write for game 126884695634066.
2025-06-16 16:42:38,799 - INFO - main - Processing game (2/4): Brookhaven \U0001f3e1RP
2025-06-16 16:42:39,186 - INFO - firestore_handler - Upserted game: Brookhaven \U0001f3e1RP (ID: 4924922222)
2025-06-16 16:42:39,186 - INFO - logger - ====== WebDriver manager ======
2025-06-16 16:42:39,794 - INFO - logger - Get LATEST chromedriver version for google-chrome
2025-06-16 16:42:39,827 - INFO - logger - Get LATEST chromedriver version for google-chrome
2025-06-16 16:42:39,852 - INFO - logger - Driver [C:\Users\thoma\.wdm\drivers\chromedriver\win64\137.0.7151.70\chromedriver-win32/chromedriver.exe] found in cache
2025-06-16 16:42:43,930 - INFO - rolimons - Daily view button found. Clicking...
2025-06-16 16:42:47,852 - INFO - rolimons - Successfully extracted 6 charts for Place ID: 4924922222
2025-06-16 16:42:50,238 - INFO - main - Existing game found. Writing data newer than 2025-06-16.
2025-06-16 16:42:50,238 - INFO - firestore_handler - No new daily stats to write for game 4924922222.
2025-06-16 16:42:50,740 - INFO - main - Processing game (3/4): Steal a Brainrot
2025-06-16 16:42:51,134 - INFO - firestore_handler - Upserted game: Steal a Brainrot (ID: 109983668079237)
2025-06-16 16:42:51,135 - INFO - logger - ====== WebDriver manager ======
2025-06-16 16:42:51,747 - INFO - logger - Get LATEST chromedriver version for google-chrome
2025-06-16 16:42:51,776 - INFO - logger - Get LATEST chromedriver version for google-chrome
2025-06-16 16:42:51,805 - INFO - logger - Driver [C:\Users\thoma\.wdm\drivers\chromedriver\win64\137.0.7151.70\chromedriver-win32/chromedriver.exe] found in cache
2025-06-16 16:42:55,652 - INFO - rolimons - Daily view button found. Clicking...
2025-06-16 16:42:57,909 - INFO - rolimons - Successfully extracted 6 charts for Place ID: 109983668079237
2025-06-16 16:43:00,061 - INFO - main - Existing game found. Writing data newer than 2025-06-16.
2025-06-16 16:43:00,061 - INFO - firestore_handler - No new daily stats to write for game 109983668079237.
2025-06-16 16:43:00,562 - INFO - main - Processing game (4/4): Dead Rails [Alpha]
2025-06-16 16:43:00,921 - INFO - firestore_handler - Upserted game: Dead Rails [Alpha] (ID: 116495829188952)
2025-06-16 16:43:00,921 - INFO - logger - ====== WebDriver manager ======
2025-06-16 16:43:01,536 - INFO - logger - Get LATEST chromedriver version for google-chrome
2025-06-16 16:43:01,631 - INFO - logger - Get LATEST chromedriver version for google-chrome
2025-06-16 16:43:01,667 - INFO - logger - Driver [C:\Users\thoma\.wdm\drivers\chromedriver\win64\137.0.7151.70\chromedriver-win32/chromedriver.exe] found in cache
2025-06-16 16:43:05,652 - INFO - rolimons - Daily view button found. Clicking...
2025-06-16 16:43:07,928 - INFO - rolimons - Successfully extracted 6 charts for Place ID: 116495829188952
2025-06-16 16:43:10,088 - INFO - main - Existing game found. Writing data newer than 2025-06-11.
2025-06-16 16:43:10,226 - INFO - firestore_handler - Committed 5 daily stat record(s) for game 116495829188952.
2025-06-16 16:43:10,727 - INFO - main - Acquired data successfully.
2025-06-16 16:43:10,734 - ERROR - gcp - Failed to self-shutdown VM: HTTPConnectionPool(host='metadata.google.internal', port=80): Max retries exceeded with url: /computeMetadata/v1/instance/name (Caused by NameResolutionError("<urllib3.connection.HTTPConnection object at 0x0000014DE2CFE410>: Failed to resolve 'metadata.google.internal' ([Errno 11001] getaddrinfo failed)"))
